// Jest Snapshot v1, https://goo.gl/fbAQLP

exports[`CustomersRouteHandler tests Renders 1`] = `
<div
  class="panel panel-default row"
>
  <div
    class="col-xs-0 col-sm-1 col-md-2"
  />
  <section
    class="col-xs-12 col-sm-10 col-md-8"
  >
    <h2
      class="text-primary text-center"
    >
      Customers list
    </h2>
    <div
      class="well row"
    >
      <table
        class="table table-striped table-condensed table-bordered"
      >
        <thead>
          <tr>
            <th
              class="col-xs-3 text-center actionable order-asc"
            >
              Email
            </th>
            <th
              class="col-xs-3 text-center actionable"
            >
              First Name
            </th>
            <th
              class="col-xs-3 text-center actionable"
            >
              Last Name
            </th>
            <th
              class="col-xs-1 text-center actionable"
            >
              Active
            </th>
            <th
              class="col-xs-2 text-center actionable"
            >
              Joined on
            </th>
          </tr>
        </thead>
        <tbody>
          <tr>
            <td
              class="text-center"
            >
              AARON.SELBY@sakilacustomer.org
            </td>
            <td
              class="text-center"
            >
              AARON
            </td>
            <td
              class="text-center"
            >
              SELBY
            </td>
            <td
              class="text-center"
            >
              YES
            </td>
            <td
              class="text-center"
            >
              2006-02-15T06:04:37.000Z
            </td>
          </tr>
          <tr>
            <td
              class="text-center"
            >
              ADAM.GOOCH@sakilacustomer.org
            </td>
            <td
              class="text-center"
            >
              ADAM
            </td>
            <td
              class="text-center"
            >
              GOOCH
            </td>
            <td
              class="text-center"
            >
              YES
            </td>
            <td
              class="text-center"
            >
              2006-02-15T06:04:37.000Z
            </td>
          </tr>
          <tr>
            <td
              class="text-center"
            >
              ADRIAN.CLARY@sakilacustomer.org
            </td>
            <td
              class="text-center"
            >
              ADRIAN
            </td>
            <td
              class="text-center"
            >
              CLARY
            </td>
            <td
              class="text-center"
            >
              YES
            </td>
            <td
              class="text-center"
            >
              2006-02-15T06:04:37.000Z
            </td>
          </tr>
          <tr>
            <td
              class="text-center"
            >
              AGNES.BISHOP@sakilacustomer.org
            </td>
            <td
              class="text-center"
            >
              AGNES
            </td>
            <td
              class="text-center"
            >
              BISHOP
            </td>
            <td
              class="text-center"
            >
              YES
            </td>
            <td
              class="text-center"
            >
              2006-02-15T06:04:36.000Z
            </td>
          </tr>
          <tr>
            <td
              class="text-center"
            >
              ALAN.KAHN@sakilacustomer.org
            </td>
            <td
              class="text-center"
            >
              ALAN
            </td>
            <td
              class="text-center"
            >
              KAHN
            </td>
            <td
              class="text-center"
            >
              YES
            </td>
            <td
              class="text-center"
            >
              2006-02-15T06:04:37.000Z
            </td>
          </tr>
          <tr>
            <td
              class="text-center"
            >
              ALBERT.CROUSE@sakilacustomer.org
            </td>
            <td
              class="text-center"
            >
              ALBERT
            </td>
            <td
              class="text-center"
            >
              CROUSE
            </td>
            <td
              class="text-center"
            >
              YES
            </td>
            <td
              class="text-center"
            >
              2006-02-15T06:04:37.000Z
            </td>
          </tr>
          <tr>
            <td
              class="text-center"
            >
              ALBERTO.HENNING@sakilacustomer.org
            </td>
            <td
              class="text-center"
            >
              ALBERTO
            </td>
            <td
              class="text-center"
            >
              HENNING
            </td>
            <td
              class="text-center"
            >
              YES
            </td>
            <td
              class="text-center"
            >
              2006-02-15T06:04:37.000Z
            </td>
          </tr>
          <tr>
            <td
              class="text-center"
            >
              ALEX.GRESHAM@sakilacustomer.org
            </td>
            <td
              class="text-center"
            >
              ALEX
            </td>
            <td
              class="text-center"
            >
              GRESHAM
            </td>
            <td
              class="text-center"
            >
              NO
            </td>
            <td
              class="text-center"
            >
              2006-02-15T06:04:37.000Z
            </td>
          </tr>
          <tr>
            <td
              class="text-center"
            >
              ALEXANDER.FENNELL@sakilacustomer.org
            </td>
            <td
              class="text-center"
            >
              ALEXANDER
            </td>
            <td
              class="text-center"
            >
              FENNELL
            </td>
            <td
              class="text-center"
            >
              YES
            </td>
            <td
              class="text-center"
            >
              2006-02-15T06:04:37.000Z
            </td>
          </tr>
          <tr>
            <td
              class="text-center"
            >
              ALFRED.CASILLAS@sakilacustomer.org
            </td>
            <td
              class="text-center"
            >
              ALFRED
            </td>
            <td
              class="text-center"
            >
              CASILLAS
            </td>
            <td
              class="text-center"
            >
              YES
            </td>
            <td
              class="text-center"
            >
              2006-02-15T06:04:37.000Z
            </td>
          </tr>
        </tbody>
      </table>
    </div>
  </section>
  <div
    class="col-xs-0 col-sm-1 col-md-2"
  />
</div>
`;
