// Jest Snapshot v1, https://goo.gl/fbAQLP

exports[`CustomersRouteHandler tests Renders 1`] = `
<div
  class="panel panel-default row"
>
  <div
    class="col-xs-0 col-sm-1 col-md-2"
  />
  <section
    class="col-xs-12 col-sm-10 col-md-8"
  >
    <h2
      class="text-primary text-center"
    >
      Customers list
    </h2>
    <div
      class="well row"
    >
      <table
        class="table table-striped table-bordered"
      >
        <thead>
          <tr>
            <th
              class="col-xs-1 text-center actionable order-asc"
            >
              ID
            </th>
            <th
              class="col-xs-3 text-center actionable"
            >
              First Name
            </th>
            <th
              class="col-xs-3 text-center actionable"
            >
              Last Name
            </th>
            <th
              class="col-xs-2 text-center actionable"
            >
              Active
            </th>
            <th
              class="col-xs-3 text-center actionable"
            >
              Joined on
            </th>
          </tr>
        </thead>
        <tbody>
          <tr>
            <td
              class="text-center"
            >
              00001
            </td>
            <td
              class="text-center"
            >
              MARY
            </td>
            <td
              class="text-center"
            >
              SMITH
            </td>
            <td
              class="text-center"
            >
              YES
            </td>
            <td
              class="text-center"
            >
              2006-02-15
            </td>
          </tr>
          <tr>
            <td
              class="text-center"
            >
              00002
            </td>
            <td
              class="text-center"
            >
              PATRICIA
            </td>
            <td
              class="text-center"
            >
              JOHNSON
            </td>
            <td
              class="text-center"
            >
              YES
            </td>
            <td
              class="text-center"
            >
              2006-02-15
            </td>
          </tr>
          <tr>
            <td
              class="text-center"
            >
              00003
            </td>
            <td
              class="text-center"
            >
              LINDA
            </td>
            <td
              class="text-center"
            >
              WILLIAMS
            </td>
            <td
              class="text-center"
            >
              YES
            </td>
            <td
              class="text-center"
            >
              2006-02-15
            </td>
          </tr>
          <tr>
            <td
              class="text-center"
            >
              00004
            </td>
            <td
              class="text-center"
            >
              BARBARA
            </td>
            <td
              class="text-center"
            >
              JONES
            </td>
            <td
              class="text-center"
            >
              YES
            </td>
            <td
              class="text-center"
            >
              2006-02-15
            </td>
          </tr>
          <tr>
            <td
              class="text-center"
            >
              00005
            </td>
            <td
              class="text-center"
            >
              ELIZABETH
            </td>
            <td
              class="text-center"
            >
              BROWN
            </td>
            <td
              class="text-center"
            >
              YES
            </td>
            <td
              class="text-center"
            >
              2006-02-15
            </td>
          </tr>
          <tr>
            <td
              class="text-center"
            >
              00006
            </td>
            <td
              class="text-center"
            >
              JENNIFER
            </td>
            <td
              class="text-center"
            >
              DAVIS
            </td>
            <td
              class="text-center"
            >
              YES
            </td>
            <td
              class="text-center"
            >
              2006-02-15
            </td>
          </tr>
          <tr>
            <td
              class="text-center"
            >
              00007
            </td>
            <td
              class="text-center"
            >
              MARIA
            </td>
            <td
              class="text-center"
            >
              MILLER
            </td>
            <td
              class="text-center"
            >
              YES
            </td>
            <td
              class="text-center"
            >
              2006-02-15
            </td>
          </tr>
          <tr>
            <td
              class="text-center"
            >
              00008
            </td>
            <td
              class="text-center"
            >
              SUSAN
            </td>
            <td
              class="text-center"
            >
              WILSON
            </td>
            <td
              class="text-center"
            >
              YES
            </td>
            <td
              class="text-center"
            >
              2006-02-15
            </td>
          </tr>
          <tr>
            <td
              class="text-center"
            >
              00009
            </td>
            <td
              class="text-center"
            >
              MARGARET
            </td>
            <td
              class="text-center"
            >
              MOORE
            </td>
            <td
              class="text-center"
            >
              YES
            </td>
            <td
              class="text-center"
            />
          </tr>
          <tr>
            <td
              class="text-center"
            >
              00010
            </td>
            <td
              class="text-center"
            >
              DOROTHY
            </td>
            <td
              class="text-center"
            >
              TAYLOR
            </td>
            <td
              class="text-center"
            >
              YES
            </td>
            <td
              class="text-center"
            />
          </tr>
        </tbody>
      </table>
    </div>
  </section>
  <div
    class="col-xs-0 col-sm-1 col-md-2"
  />
</div>
`;
