// Jest Snapshot v1, https://goo.gl/fbAQLP

exports[`ListRouteHandler tests Renders 1`] = `
<div
  id="main-view"
>
  <div
    class="panel panel-default row"
  >
    <div
      class="col-xs-0 col-sm-1 col-md-2"
    />
    <section
      class="col-xs-12 col-sm-10 col-md-8"
    >
      <h2
        class="text-primary text-center"
      >
        Sorted List with Data
      </h2>
      <div
        class="well"
      >
        <table
          class="table table-striped table-condensed table-bordered"
        >
          <thead>
            <tr>
              <th
                class="col-xs-3 text-center actionable"
              >
                Name
              </th>
              <th
                class="col-xs-3 text-center actionable"
              >
                Surname
              </th>
              <th
                class="col-xs-2 text-center actionable order-asc"
              >
                Code Number
              </th>
              <th
                class="col-xs-2 text-center actionable"
              >
                RFC
              </th>
              <th
                class="col-xs-2 text-center actionable"
              >
                Status
              </th>
            </tr>
          </thead>
          <tbody>
            <tr>
              <td
                class="text-center"
              >
                ELOINA
              </td>
              <td
                class="text-center"
              >
                SALINAS
                 
                VAZQUEZ
              </td>
              <td
                class="text-center"
              >
                10001
              </td>
              <td
                class="text-center"
              />
              <td
                class="text-center"
              >
                Hired
              </td>
            </tr>
            <tr>
              <td
                class="text-center"
              >
                TERESA DE JESUS
              </td>
              <td
                class="text-center"
              >
                JOFRE
                 
                GARFIAS
              </td>
              <td
                class="text-center"
              >
                10027
              </td>
              <td
                class="text-center"
              >
                JOGT000101
              </td>
              <td
                class="text-center"
              />
            </tr>
            <tr>
              <td
                class="text-center"
              >
                JOSE LUIS
              </td>
              <td
                class="text-center"
              >
                JAVIER
                 
                PECH
              </td>
              <td
                class="text-center"
              >
                10030
              </td>
              <td
                class="text-center"
              >
                JAPL740105
              </td>
              <td
                class="text-center"
              >
                Candidate
              </td>
            </tr>
            <tr>
              <td
                class="text-center"
              >
                ERNESTO
              </td>
              <td
                class="text-center"
              >
                HERNANDEZ
                 
                GARCIA
              </td>
              <td
                class="text-center"
              >
                10031
              </td>
              <td
                class="text-center"
              >
                HEGE521107
              </td>
              <td
                class="text-center"
              >
                Hired
              </td>
            </tr>
            <tr>
              <td
                class="text-center"
              >
                SERGIO
              </td>
              <td
                class="text-center"
              >
                FONSECA
                 
                VIDAL
              </td>
              <td
                class="text-center"
              >
                10137
              </td>
              <td
                class="text-center"
              >
                FOVS820331
              </td>
              <td
                class="text-center"
              >
                Hired
              </td>
            </tr>
            <tr>
              <td
                class="text-center"
              >
                PEDRO ANTONIO
              </td>
              <td
                class="text-center"
              >
                JIMENEZ
                 
                JIMENEZ
              </td>
              <td
                class="text-center"
              >
                10155
              </td>
              <td
                class="text-center"
              >
                JIJP770117
              </td>
              <td
                class="text-center"
              >
                Hired
              </td>
            </tr>
            <tr>
              <td
                class="text-center"
              >
                EFREN
              </td>
              <td
                class="text-center"
              >
                GONZALEZ
                 
                CHAVEZ
              </td>
              <td
                class="text-center"
              >
                10223
              </td>
              <td
                class="text-center"
              >
                GOCE690929
              </td>
              <td
                class="text-center"
              >
                Hired
              </td>
            </tr>
            <tr>
              <td
                class="text-center"
              >
                FRANCISCO
              </td>
              <td
                class="text-center"
              >
                JIMENEZ
                 
                RODRIGUEZ
              </td>
              <td
                class="text-center"
              >
                10337
              </td>
              <td
                class="text-center"
              >
                JIRF651124
              </td>
              <td
                class="text-center"
              >
                Hired
              </td>
            </tr>
            <tr>
              <td
                class="text-center"
              >
                MANUEL
              </td>
              <td
                class="text-center"
              >
                VALDERRABANO
                 
                TACU
              </td>
              <td
                class="text-center"
              >
                10369
              </td>
              <td
                class="text-center"
              >
                VATM701227
              </td>
              <td
                class="text-center"
              >
                Hired
              </td>
            </tr>
            <tr>
              <td
                class="text-center"
              >
                LUIS RAMON
              </td>
              <td
                class="text-center"
              >
                PERALTA
                 
                MAY
              </td>
              <td
                class="text-center"
              >
                10370
              </td>
              <td
                class="text-center"
              >
                PEML740831
              </td>
              <td
                class="text-center"
              >
                Hired
              </td>
            </tr>
          </tbody>
        </table>
      </div>
    </section>
    <div
      class="col-xs-0 col-sm-1 col-md-2"
    />
  </div>
</div>
`;
